// Jest Snapshot v1, https://goo.gl/fbAQLP

exports[`Release with entries should correct add new changelog above last one 1`] = `
"My test changelog entries

== 1.0.0 3/14/2021 (2 changes)

- test (#1234)
- test (#1234)

== 1.1.1 3/14/2021 (1 change)
  - changelog (#1234)

== 1.1.0 3/14/2021 (1 change)
  - changelog (#1234)"
`;
